== Info:   Trying 127.0.0.1:9090...
== Info: Connected to localhost (127.0.0.1) port 9090 (#0)
=> Send header, 131 bytes (0x83)
0000: 50 4f 53 54 20 2f 20 48 54 54 50 2f 31 2e 31 0d POST / HTTP/1.1.
0010: 0a 48 6f 73 74 3a 20 6c 6f 63 61 6c 68 6f 73 74 .Host: localhost
0020: 3a 39 30 39 30 0d 0a 55 73 65 72 2d 41 67 65 6e :9090..User-Agen
0030: 74 3a 20 63 75 72 6c 2f 37 2e 38 33 2e 31 0d 0a t: curl/7.83.1..
0040: 41 63 63 65 70 74 3a 20 2a 2f 2a 0d 0a 43 6f 6e Accept: */*..Con
0050: 74 65 6e 74 2d 54 79 70 65 3a 20 61 70 70 6c 69 tent-Type: appli
0060: 63 61 74 69 6f 6e 2f 6a 73 6f 6e 0d 0a 43 6f 6e cation/json..Con
0070: 74 65 6e 74 2d 4c 65 6e 67 74 68 3a 20 38 37 0d tent-Length: 87.
0080: 0a 0d 0a                                        ...
=> Send data, 87 bytes (0x57)
0000: 7b 22 49 64 22 3a 31 2c 22 4e 61 6d 65 22 3a 22 {"Id":1,"Name":"
0010: 41 70 70 6c 65 5f 30 31 22 2c 22 44 65 73 63 72 Apple_01","Descr
0020: 69 70 74 69 6f 6e 22 3a 22 41 20 77 68 6f 6c 65 iption":"A whole
0030: 20 61 70 70 6c 65 22 2c 22 41 64 64 72 65 73 73  apple","Address
0040: 22 3a 22 73 6f 6d 65 2f 72 61 6e 64 6f 6d 2f 66 ":"some/random/f
0050: 6f 6c 64 65 72 22 7d                            older"}
== Info: Mark bundle as not supporting multiuse
<= Recv header, 17 bytes (0x11)
0000: 48 54 54 50 2f 31 2e 31 20 32 30 30 20 4f 4b 0d HTTP/1.1 200 OK.
0010: 0a                                              .
<= Recv header, 37 bytes (0x25)
0000: 44 61 74 65 3a 20 54 75 65 2c 20 32 31 20 46 65 Date: Tue, 21 Fe
0010: 62 20 32 30 32 33 20 32 32 3a 35 39 3a 35 30 20 b 2023 22:59:50 
0020: 47 4d 54 0d 0a                                  GMT..
<= Recv header, 19 bytes (0x13)
0000: 43 6f 6e 74 65 6e 74 2d 4c 65 6e 67 74 68 3a 20 Content-Length: 
0010: 30 0d 0a                                        0..
<= Recv header, 2 bytes (0x2)
0000: 0d 0a                                           ..
== Info: Connection #0 to host localhost left intact
